baseline r1 t1: ctx=74214 w=27833 r=46377 units=61417.7 5.4s
baseline r1 t2: ctx=84947 w=5323 r=79620 units=19067.0 4.02s
baseline r1 t3: ctx=95357 w=5222 r=90131 units=19926.1 3.59s
baseline r1 t4: ctx=106240 w=5657 r=100579 units=21830.9 3.79s
baseline r1 t5: ctx=116750 w=4856 r=111890 units=21345.0 3.78s
baseline r1 t6: ctx=127125 w=5522 r=121599 units=23642.9 3.55s
baseline r1 t7: ctx=137492 w=4840 r=132648 units=23408.8 3.89s
baseline r1 t8: ctx=148084 w=5750 r=142330 units=26217.0 3.84s
baseline r1 t9: ctx=159885 w=6050 r=153831 units=27962.1 3.89s
baseline r1 t10: ctx=171826 w=5890 r=165932 units=28867.2 3.98s
baseline r2 t1: ctx=74214 w=0 r=74210 units=8615.0 4.96s
baseline r2 t2: ctx=84979 w=5339 r=79636 units=19100.6 3.9s
baseline r2 t3: ctx=95389 w=5222 r=90163 units=19929.3 3.92s
baseline r2 t4: ctx=106272 w=5657 r=100611 units=21834.1 3.56s
baseline r2 t5: ctx=116782 w=4856 r=111922 units=21348.2 3.59s
baseline r2 t6: ctx=127157 w=5522 r=121631 units=23646.1 3.72s
baseline r2 t7: ctx=137524 w=4840 r=132680 units=23412.0 3.66s
baseline r2 t8: ctx=148116 w=5750 r=142362 units=26220.2 3.84s
baseline r2 t9: ctx=159917 w=6050 r=153863 units=27965.3 3.84s
baseline r2 t10: ctx=171858 w=5890 r=165964 units=28870.4 3.86s
baseline r3 t1: ctx=74214 w=0 r=74210 units=8515.0 5.47s
baseline r3 t2: ctx=84939 w=5319 r=79616 units=19058.6 3.44s
baseline r3 t3: ctx=95349 w=5222 r=90123 units=19925.3 3.72s
baseline r3 t4: ctx=106232 w=5657 r=100571 units=21830.1 3.66s
baseline r3 t5: ctx=116742 w=4856 r=111882 units=21344.2 4.06s
baseline r3 t6: ctx=127117 w=5522 r=121591 units=23642.1 3.87s
baseline r3 t7: ctx=137484 w=4840 r=132640 units=23408.0 3.7s
baseline r3 t8: ctx=148076 w=5750 r=142322 units=26216.2 3.89s
baseline r3 t9: ctx=159877 w=6050 r=153823 units=27961.3 3.82s
baseline r3 t10: ctx=171818 w=5890 r=165924 units=28866.4 4.04s
sys_every r1 t1: ctx=85232 w=34998 r=50230 units=76103.0 4.9s
sys_every r1 t2: ctx=95953 w=5317 r=90632 units=20156.2 3.65s
sys_every r1 t3: ctx=106363 w=5222 r=101137 units=21026.7 3.87s
sys_every r1 t4: ctx=117246 w=5657 r=111585 units=22931.5 3.49s
sys_every r1 t5: ctx=127756 w=4856 r=122896 units=22445.6 3.79s
sys_every r1 t6: ctx=138131 w=5522 r=132605 units=24943.5 4.26s
sys_every r1 t7: ctx=148578 w=4880 r=143694 units=24593.4 3.95s
sys_every r1 t8: ctx=159170 w=5750 r=153416 units=27325.6 4.09s
sys_every r1 t9: ctx=170971 w=6050 r=164917 units=29070.7 3.81s
sys_every r1 t10: ctx=182912 w=5890 r=177018 units=29975.8 3.9s
sys_first r1 t1: ctx=85232 w=0 r=85228 units=9536.8 5.06s
sys_first r1 t2: ctx=95925 w=5303 r=90618 units=20116.8 3.58s
sys_first r1 t3: ctx=106331 w=5220 r=101107 units=21009.7 3.65s
sys_first r1 t4: ctx=117210 w=5655 r=111551 units=22914.1 3.77s
sys_first r1 t5: ctx=127716 w=4854 r=122858 units=22427.8 3.7s
sys_first r1 t6: ctx=138087 w=5520 r=132563 units=24870.3 4.02s
sys_first r1 t7: ctx=148508 w=4867 r=143637 units=24551.7 3.71s
sys_first r1 t8: ctx=159096 w=5748 r=153344 units=27304.4 3.72s
sys_first r1 t9: ctx=170893 w=6048 r=164841 units=29049.1 3.78s
sys_first r1 t10: ctx=182830 w=5888 r=176938 units=29953.8 3.67s
nohooks r1 t1: ctx=69236 w=25344 r=43888 units=55960.8 4.41s
nohooks r1 t2: ctx=79877 w=5277 r=74596 units=18472.6 3.46s
nohooks r1 t3: ctx=90287 w=5222 r=85061 units=19419.1 3.58s
nohooks r1 t4: ctx=101170 w=5657 r=95509 units=21323.9 3.5s
nohooks r1 t5: ctx=111680 w=4856 r=106820 units=20838.0 3.64s
nohooks r1 t6: ctx=122055 w=5522 r=116529 units=23135.9 3.27s
nohooks r1 t7: ctx=132422 w=4840 r=127578 units=22901.8 4.08s
nohooks r1 t8: ctx=143014 w=5750 r=137260 units=25710.0 3.74s
nohooks r1 t9: ctx=154815 w=6050 r=148761 units=27455.1 3.74s
nohooks r1 t10: ctx=166756 w=5890 r=160862 units=28360.2 3.59s
crash r1 t1: ctx=74214 w=0 r=74210 units=8510.0 5.48s
crash r1 t2: ctx=84937 w=5318 r=79615 units=19056.5 3.55s
crash r1 t3: ctx=95347 w=5222 r=90121 units=19925.1 3.6s
crash r1 t4: ctx=106230 w=5657 r=100569 units=21829.9 3.86s
crash r1 t5: ctx=116740 w=4856 r=111880 units=21344.0 3.72s
Traceback (most recent call last):
  File "experiments/transport/t1_per_turn.py", line 113, in <module>
    main()
    ~~~~^^
  File "experiments/transport/t1_per_turn.py", line 108, in main
    run_variant(variant, run)
    ~~~~~~~~~~~^^^^^^^^^^^^^^
  File "experiments/transport/t1_per_turn.py", line 72, in run_variant
    crash_turn(run, sid)
    ~~~~~~~~~~^^^^^^^^^^
  File "experiments/transport/t1_per_turn.py", line 92, in crash_turn
    os.killpg(proc.pid, signal.SIGKILL)
    ~~~~~~~~~^^^^^^^^^^^^^^^^^^^^^^^^^^
ProcessLookupError: [Errno 3] No such process
